{"level":"info","ts":"2019-07-14T13:53:31.035+0800","caller":"test/log_test.go:11","msg":"test"}
